VIDEO:
https://www.youtube.com/watch?v=sm5Y7Vtuihg&t=338s
$ node -v
$ npm -v


@joseivangeraldo ➜ /workspaces/reactive/MyApp (main) $ npx expo start
Starting project at /workspaces/reactive/MyApp
ConfigError: Cannot determine which native SDK version your project uses because the module `expo` is not installed. Please install it with `yarn add expo` and try again.

CRIANDO O APP:
$ npx create-expo-app@latest my-app
$ npx create-expo-app@latest StickerSmash
$ npm install


$ expo login  ---> apara se logar nos servidores expo-go

$ npx expo start ou $ npx expo start --tunnel ESTE ULTIMO SE NÃO ESTIVER NA MESMA REDE WIFI
Para Chrome ---CTRL + SHIFT + i -->  ABRE opções desenvolvedor. Clicar no icone do celular

PARA EDITAR O TEMPLATE BASICO:
Em app/(tabs)/index.txt
Ver opções do server para recarregar a janela.

$ npx create-expo-app MyApp  
Poderia usar ao final --template blank

ABRIR NO SERVIDOR EXPO:
$ npx expo start OU
$ npx expo start --tunnel  --> Se não estiver na  mesma rede wifi

INSTALAR EXTENÇÕES:
VS Code ES7+ React/Redux/React-Native/JS snippets
Com o componente digite: rnfe

ICONES NO GERENCIADOR DE ARQUIVOS:
vscode-icons --icones no gerenciador de arquivos

RENOMEAR O  INDEX PARA .jsx

CARREGAR AS IMAGENS Em (assets)/images

* Procurar app.json
    "splash":{
      "image": "./assets/images/coffee-splash.png",
      "resizeMode": "cover",
      "backgroundColor": "#000000"
    },

    TEVE DE INSTALAR:
    npx expo install expo-splash-screen


Using the config plugin, as shown below, is the recommended method for configuring the splash screen. The other methods are now considered legacy and will be removed in the future.

Example app.json with config plugin
app.json
Copy
{
  "expo": {
    "plugins": [
      [
        "expo-splash-screen",
        {
          "backgroundColor": "#232323",
          "image": "./assets/splash-icon.png",
          "dark": {
            "image": "./assets/splash-icon-dark.png",
            "backgroundColor": "#000000"
          },
          "imageWidth": 200
        }
      ]
    ],
  }
}

DENTRO DE tsconfig.json
  "include": [
    "**/*.ts",
    "**/*.tsx",
    "**/*.jsx",
    ".expo/types/**/*.ts",
    "expo-env.d.ts"
, "app/(tabs)/index.jsx"  ]
}

  "include": [
    "**/*.ts",
    "**/*.tsx",
    "**/*.jsx",
    ".expo/types/**/*.ts",
    "expo-env.d.ts" ]

    mover de tabs. arquivo explore.tsx ,
    mover direto para app.

    Dentro de app,renomear _layout.tsx
    
    TESTE DE ALTERAÇÃO

    ivan@ivan-Inspiron-3437:~/reactive$ git config --global user.email "ivan.geraldo@gmail.com"





