VIDEO:
https://www.youtube.com/watch?v=sm5Y7Vtuihg&t=338s
$ node -v
$ npm -v


@joseivangeraldo ➜ /workspaces/reactive/MyApp (main) $ npx expo start
Starting project at /workspaces/reactive/MyApp
ConfigError: Cannot determine which native SDK version your project uses because the module `expo` is not installed. Please install it with `yarn add expo` and try again.

CRIANDO O APP:
$ npx create-expo-app@latest my-app
$ npx create-expo-app@latest StickerSmash
$ npm install


$ expo login  ---> apara se logar nos servidores expo-go

$ npx expo start ou $ npx expo start --tunnel ESTE ULTIMO SE NÃO ESTIVER NA MESMA REDE WIFI
Para Chrome ---CTRL + SHIFT + i -->  ABRE opções desenvolvedor. Clicar no icone do celular

PARA EDITAR O TEMPLATE BASICO:
Em app/(tabs)/index.txt
Ver opções do server para recarregar a janela.

$ npx create-expo-app MyApp  
Poderia usar ao final --template blank

ABRIR NO SERVIDOR EXPO:
$ npx expo start OU
$ npx expo start --tunnel  --> Se não estiver na  mesma rede wifi

INSTALAR EXTENÇÕES:
VS Code ES7+ React/Redux/React-Native/JS snippets
Com o componente digite: rnfe

ICONES NO GERENCIADOR DE ARQUIVOS:
vscode-icons --icones no gerenciador de arquivos

CRIOU-SE UMA PASTA EM ROOT :src
e transferiu app, components e constantes

Coloca mais um subfolder : ../ abaixo.
SpaceMono: require('../assets/fonts/SpaceMono-Regular.ttf'),

Tranferir a pasta data folder, para a pasta assets.

    ivan@ivan-Inspiron-3437:~/reactive$ git config --global user.email "ivan.geraldo@gmail.com"





